------------------------------------------------------------
TimeQuest Timing Analyzer Summary
------------------------------------------------------------

Type  : Slow Model Setup 'divisor_frequencia:divisor_clock|Q[25]'
Slack : -14.559
TNS   : -516.759

Type  : Slow Model Setup 'CLOCK_50'
Slack : -2.502
TNS   : -37.946

Type  : Slow Model Hold 'CLOCK_50'
Slack : -2.094
TNS   : -2.094

Type  : Slow Model Hold 'divisor_frequencia:divisor_clock|Q[25]'
Slack : 0.391
TNS   : 0.000

Type  : Slow Model Minimum Pulse Width 'CLOCK_50'
Slack : -1.380
TNS   : -27.380

Type  : Slow Model Minimum Pulse Width 'divisor_frequencia:divisor_clock|Q[25]'
Slack : -0.500
TNS   : -65.000

Type  : Fast Model Setup 'divisor_frequencia:divisor_clock|Q[25]'
Slack : -5.755
TNS   : -191.203

Type  : Fast Model Setup 'CLOCK_50'
Slack : -0.680
TNS   : -5.888

Type  : Fast Model Hold 'CLOCK_50'
Slack : -1.428
TNS   : -1.428

Type  : Fast Model Hold 'divisor_frequencia:divisor_clock|Q[25]'
Slack : 0.215
TNS   : 0.000

Type  : Fast Model Minimum Pulse Width 'CLOCK_50'
Slack : -1.380
TNS   : -27.380

Type  : Fast Model Minimum Pulse Width 'divisor_frequencia:divisor_clock|Q[25]'
Slack : -0.500
TNS   : -65.000

------------------------------------------------------------
