------------------------------------------------------------
TimeQuest Timing Analyzer Summary
------------------------------------------------------------

Type  : Slow Model Setup 'divisor_frequencia:divisor_clock|Q[25]'
Slack : -16.443
TNS   : -6585.016

Type  : Slow Model Setup 'CLOCK_50'
Slack : -2.504
TNS   : -37.996

Type  : Slow Model Hold 'CLOCK_50'
Slack : -2.102
TNS   : -2.102

Type  : Slow Model Hold 'divisor_frequencia:divisor_clock|Q[25]'
Slack : 0.682
TNS   : 0.000

Type  : Slow Model Minimum Pulse Width 'CLOCK_50'
Slack : -1.380
TNS   : -27.380

Type  : Slow Model Minimum Pulse Width 'divisor_frequencia:divisor_clock|Q[25]'
Slack : -0.500
TNS   : -645.000

Type  : Fast Model Setup 'divisor_frequencia:divisor_clock|Q[25]'
Slack : -6.408
TNS   : -2606.043

Type  : Fast Model Setup 'CLOCK_50'
Slack : -0.679
TNS   : -5.875

Type  : Fast Model Hold 'CLOCK_50'
Slack : -1.435
TNS   : -1.435

Type  : Fast Model Hold 'divisor_frequencia:divisor_clock|Q[25]'
Slack : 0.322
TNS   : 0.000

Type  : Fast Model Minimum Pulse Width 'CLOCK_50'
Slack : -1.380
TNS   : -27.380

Type  : Fast Model Minimum Pulse Width 'divisor_frequencia:divisor_clock|Q[25]'
Slack : -0.500
TNS   : -645.000

------------------------------------------------------------
